#
# There is insufficient memory for the Java Runtime Environment to continue.
# Native memory allocation (malloc) failed to allocate 99104 bytes for Chunk::new
# Possible reasons:
#   The system is out of physical RAM or swap space
#   The process is running with CompressedOops enabled, and the Java Heap may be blocking the growth of the native heap
# Possible solutions:
#   Reduce memory load on the system
#   Increase physical memory or swap space
#   Check if swap backing store is full
#   Decrease Java heap size (-Xmx/-Xms)
#   Decrease number of Java threads
#   Decrease Java thread stack sizes (-Xss)
#   Set larger code cache with -XX:ReservedCodeCacheSize=
#   JVM is running with Unscaled Compressed Oops mode in which the Java heap is
#     placed in the first 4GB address space. The Java Heap base address is the
#     maximum limit for the native heap growth. Please use -XX:HeapBaseMinAddress
#     to set the Java Heap base and to place the Java Heap above 4GB virtual address.
# This output file may be truncated or incomplete.
#
#  Out of Memory Error (arena.cpp:189), pid=16740, tid=15060
#
# JRE version: OpenJDK Runtime Environment Temurin-17.0.4.1+1 (17.0.4.1+1) (build 17.0.4.1+1)
# Java VM: OpenJDK 64-Bit Server VM Temurin-17.0.4.1+1 (17.0.4.1+1, mixed mode, tiered, compressed oops, compressed class ptrs, parallel gc, windows-amd64)
# No core dump will be written. Minidumps are not enabled by default on client versions of Windows
#

---------------  S U M M A R Y ------------

Command Line: --add-modules=ALL-SYSTEM --add-opens=java.base/java.util=ALL-UNNAMED --add-opens=java.base/java.lang=ALL-UNNAMED --add-opens=java.base/sun.nio.fs=ALL-UNNAMED -Declipse.application=org.eclipse.jdt.ls.core.id1 -Dosgi.bundles.defaultStartLevel=4 -Declipse.product=org.eclipse.jdt.ls.core.product -Djava.import.generatesMetadataFilesAtProjectRoot=false -Dfile.encoding=utf8 -XX:+UseParallelGC -XX:GCTimeRatio=4 -XX:AdaptiveSizePolicyWeight=90 -Dsun.zip.disableMemoryMapping=true -Xmx1G -Xms100m -Xlog:disable -javaagent:c:\Users\simra\.antigravity\extensions\redhat.java-1.12.0-win32-x64\lombok\lombok-1.18.24.jar -XX:+HeapDumpOnOutOfMemoryError -XX:HeapDumpPath=c:\Users\simra\AppData\Roaming\Antigravity\User\workspaceStorage\f18ee0e1ceccf94165e7126aaeec7402\redhat.java c:\Users\simra\.antigravity\extensions\redhat.java-1.12.0-win32-x64\server\plugins\org.eclipse.equinox.launcher_1.6.400.v20210924-0641.jar -configuration c:\Users\simra\AppData\Roaming\Antigravity\User\globalStorage\redhat.java\1.12.0\config_win -data c:\Users\simra\AppData\Roaming\Antigravity\User\workspaceStorage\f18ee0e1ceccf94165e7126aaeec7402\redhat.java\jdt_ws

Host: Intel(R) Core(TM) i5-4310M CPU @ 2.70GHz, 4 cores, 15G,  Windows 11 , 64 bit Build 26100 (10.0.26100.7705)
Time: Thu Mar  5 16:48:16 2026 India Standard Time elapsed time: 44.533481 seconds (0d 0h 0m 44s)

---------------  T H R E A D  ---------------

Current thread (0x0000026bf5ede520):  JavaThread "C2 CompilerThread0" daemon [_thread_in_native, id=15060, stack(0x000000b8f4f00000,0x000000b8f5000000)]


Current CompileTask:
C2:  44533 3172       4       java.io.InputStreamReader::read (11 bytes)

Stack: [0x000000b8f4f00000,0x000000b8f5000000]
Native frames: (J=compiled Java code, j=interpreted, Vv=VM code, C=native code)
V  [jvm.dll+0x67731a]
V  [jvm.dll+0x832284]
V  [jvm.dll+0x833a2e]
V  [jvm.dll+0x834093]
V  [jvm.dll+0x245775]
V  [jvm.dll+0xabd7b]
V  [jvm.dll+0xac30c]
V  [jvm.dll+0x363a97]
V  [jvm.dll+0x1bb9e5]
V  [jvm.dll+0x2187d9]
V  [jvm.dll+0x217aa1]
V  [jvm.dll+0x1a3f8d]
V  [jvm.dll+0x227498]
V  [jvm.dll+0x2255e5]
V  [jvm.dll+0x7e7e9b]
V  [jvm.dll+0x7e240a]
V  [jvm.dll+0x6761a5]
C  [ucrtbase.dll+0x37b0]
C  [KERNEL32.DLL+0x2e8d7]
C  [ntdll.dll+0x8c40c]


---------------  P R O C E S S  ---------------

Threads class SMR info:
_java_thread_list=0x0000026bf7bdf550, length=23, elements={
0x0000026bf10a54e0, 0x0000026bf5ec4cb0, 0x0000026bf5ec6b40, 0x0000026bf5ed9ee0,
0x0000026bf5eda7a0, 0x0000026bf5edb060, 0x0000026bf5edd930, 0x0000026bf5ede520,
0x0000026bf5f2ea40, 0x0000026bf796ace0, 0x0000026bf7a49010, 0x0000026bf7c3f430,
0x0000026bf8111a50, 0x0000026bf81a0020, 0x0000026bf81a0b30, 0x0000026bf8038180,
0x0000026bf7bcf350, 0x0000026bf835c220, 0x0000026bf835bd50, 0x0000026bf835d560,
0x0000026bf835aee0, 0x0000026bf835a540, 0x0000026bfbaa0410
}

Java Threads: ( => current thread )
  0x0000026bf10a54e0 JavaThread "main" [_thread_blocked, id=20304, stack(0x000000b8f4500000,0x000000b8f4600000)]
  0x0000026bf5ec4cb0 JavaThread "Reference Handler" daemon [_thread_blocked, id=15404, stack(0x000000b8f4900000,0x000000b8f4a00000)]
  0x0000026bf5ec6b40 JavaThread "Finalizer" daemon [_thread_blocked, id=1828, stack(0x000000b8f4a00000,0x000000b8f4b00000)]
  0x0000026bf5ed9ee0 JavaThread "Signal Dispatcher" daemon [_thread_blocked, id=4276, stack(0x000000b8f4b00000,0x000000b8f4c00000)]
  0x0000026bf5eda7a0 JavaThread "Attach Listener" daemon [_thread_blocked, id=2160, stack(0x000000b8f4c00000,0x000000b8f4d00000)]
  0x0000026bf5edb060 JavaThread "Service Thread" daemon [_thread_blocked, id=9984, stack(0x000000b8f4d00000,0x000000b8f4e00000)]
  0x0000026bf5edd930 JavaThread "Monitor Deflation Thread" daemon [_thread_blocked, id=17688, stack(0x000000b8f4e00000,0x000000b8f4f00000)]
=>0x0000026bf5ede520 JavaThread "C2 CompilerThread0" daemon [_thread_in_native, id=15060, stack(0x000000b8f4f00000,0x000000b8f5000000)]
  0x0000026bf5f2ea40 JavaThread "C1 CompilerThread0" daemon [_thread_blocked, id=20372, stack(0x000000b8f5000000,0x000000b8f5100000)]
  0x0000026bf796ace0 JavaThread "Sweeper thread" daemon [_thread_blocked, id=15480, stack(0x000000b8f5100000,0x000000b8f5200000)]
  0x0000026bf7a49010 JavaThread "Common-Cleaner" daemon [_thread_blocked, id=6416, stack(0x000000b8f5200000,0x000000b8f5300000)]
  0x0000026bf7c3f430 JavaThread "Notification Thread" daemon [_thread_blocked, id=13624, stack(0x000000b8f5300000,0x000000b8f5400000)]
  0x0000026bf8111a50 JavaThread "Active Thread: Equinox Container: a7d92dc7-941a-455b-bf46-77e1518c143e" [_thread_blocked, id=11172, stack(0x000000b8f5800000,0x000000b8f5900000)]
  0x0000026bf81a0020 JavaThread "Framework Event Dispatcher: Equinox Container: a7d92dc7-941a-455b-bf46-77e1518c143e" daemon [_thread_blocked, id=18684, stack(0x000000b8f5900000,0x000000b8f5a00000)]
  0x0000026bf81a0b30 JavaThread "Start Level: Equinox Container: a7d92dc7-941a-455b-bf46-77e1518c143e" daemon [_thread_in_Java, id=6596, stack(0x000000b8f5a00000,0x000000b8f5b00000)]
  0x0000026bf8038180 JavaThread "SCR Component Actor" daemon [_thread_blocked, id=17340, stack(0x000000b8f5b00000,0x000000b8f5c00000)]
  0x0000026bf7bcf350 JavaThread "Worker-JM" [_thread_blocked, id=19596, stack(0x000000b8f5d00000,0x000000b8f5e00000)]
  0x0000026bf835c220 JavaThread "Worker-0: Repository registry initialization" [_thread_blocked, id=4852, stack(0x000000b8f5c00000,0x000000b8f5d00000)]
  0x0000026bf835bd50 JavaThread "Worker-1: Updating Maven Dependencies" [_thread_in_vm, id=6156, stack(0x000000b8f5e00000,0x000000b8f5f00000)]
  0x0000026bf835d560 JavaThread "SCR Component Registry" daemon [_thread_blocked, id=17740, stack(0x000000b8f5f00000,0x000000b8f6000000)]
  0x0000026bf835aee0 JavaThread "Worker-2" [_thread_blocked, id=12728, stack(0x000000b8f6000000,0x000000b8f6100000)]
  0x0000026bf835a540 JavaThread "Worker-3" [_thread_blocked, id=20456, stack(0x000000b8f6100000,0x000000b8f6200000)]
  0x0000026bfbaa0410 JavaThread "C2 CompilerThread1" daemon [_thread_in_native, id=10232, stack(0x000000b8f6200000,0x000000b8f6300000)]

Other Threads:
  0x0000026bf5eae2d0 VMThread "VM Thread" [stack: 0x000000b8f4800000,0x000000b8f4900000] [id=20452]
  0x0000026bf7c3f900 WatcherThread [stack: 0x000000b8f5400000,0x000000b8f5500000] [id=9136]
  0x0000026bf10bb4a0 GCTaskThread "GC Thread#0" [stack: 0x000000b8f4700000,0x000000b8f4800000] [id=10852]
  0x0000026bf7f96dd0 GCTaskThread "GC Thread#1" [stack: 0x000000b8f5500000,0x000000b8f5600000] [id=2180]
  0x0000026bf7f97080 GCTaskThread "GC Thread#2" [stack: 0x000000b8f5600000,0x000000b8f5700000] [id=20460]
  0x0000026bf7f97330 GCTaskThread "GC Thread#3" [stack: 0x000000b8f5700000,0x000000b8f5800000] [id=11916]

Threads with active compile tasks:
C2 CompilerThread0    44568 3172       4       java.io.InputStreamReader::read (11 bytes)
C2 CompilerThread1    44568 3173       4       org.codehaus.plexus.util.xml.XmlReader::read (11 bytes)

VM state: not at safepoint (normal execution)

VM Mutex/Monitor currently owned by a thread: None

Heap address: 0x00000000c0000000, size: 1024 MB, Compressed Oops mode: 32-bit

CDS archive(s) not mapped
Compressed class space mapped at: 0x0000000100000000-0x0000000140000000, reserved size: 1073741824
Narrow klass base: 0x0000000000000000, Narrow klass shift: 3, Narrow klass range: 0x140000000

GC Precious Log:
 CPUs: 4 total, 4 available
 Memory: 16297M
 Large Page Support: Disabled
 NUMA Support: Disabled
 Compressed Oops: Enabled (32-bit)
 Alignments: Space 512K, Generation 512K, Heap 2M
 Heap Min Capacity: 100M
 Heap Initial Capacity: 100M
 Heap Max Capacity: 1G
 Pre-touch: Disabled
 Parallel Workers: 4

Heap:
 PSYoungGen      total 27136K, used 14182K [0x00000000eab00000, 0x00000000ec980000, 0x0000000100000000)
  eden space 24064K, 46% used [0x00000000eab00000,0x00000000eb5e8710,0x00000000ec280000)
  from space 3072K, 98% used [0x00000000ec480000,0x00000000ec771240,0x00000000ec780000)
  to   space 2048K, 0% used [0x00000000ec780000,0x00000000ec780000,0x00000000ec980000)
 ParOldGen       total 68608K, used 9923K [0x00000000c0000000, 0x00000000c4300000, 0x00000000eab00000)
  object space 68608K, 14% used [0x00000000c0000000,0x00000000c09b0fe0,0x00000000c4300000)
 Metaspace       used 32410K, committed 32960K, reserved 1081344K
  class space    used 3252K, committed 3456K, reserved 1048576K

Card table byte_map: [0x0000026bf0a50000,0x0000026bf0c60000] _byte_map_base: 0x0000026bf0450000

Marking Bits: (ParMarkBitMap*) 0x00007ffbafed2cc0
 Begin Bits: [0x0000026bf3d30000, 0x0000026bf4d30000)
 End Bits:   [0x0000026bf4d30000, 0x0000026bf5d30000)

Polling page: 0x0000026bef290000

Metaspace:

Usage:
  Non-class:     28.47 MB used.
      Class:      3.18 MB used.
       Both:     31.65 MB used.

Virtual space:
  Non-class space:       32.00 MB reserved,      28.81 MB ( 90%) committed,  4 nodes.
      Class space:        1.00 GB reserved,       3.38 MB ( <1%) committed,  1 nodes.
             Both:        1.03 GB reserved,      32.19 MB (  3%) committed. 

Chunk freelists:
   Non-Class:  2.91 MB
       Class:  592.00 KB
        Both:  3.48 MB

MaxMetaspaceSize: unlimited
CompressedClassSpaceSize: 1.00 GB
Initial GC threshold: 21.00 MB
Current GC threshold: 35.00 MB
CDS: off
MetaspaceReclaimPolicy: balanced
 - commit_granule_bytes: 65536.
 - commit_granule_words: 8192.
 - virtual_space_node_default_size: 1048576.
 - enlarge_chunks_in_place: 1.
 - new_chunks_are_fully_committed: 0.
 - uncommit_free_chunks: 1.
 - use_allocation_guard: 0.
 - handle_deallocations: 1.


Internal statistics:

num_allocs_failed_limit: 3.
num_arena_births: 216.
num_arena_deaths: 14.
num_vsnodes_births: 5.
num_vsnodes_deaths: 0.
num_space_committed: 515.
num_space_uncommitted: 0.
num_chunks_returned_to_freelist: 17.
num_chunks_taken_from_freelist: 1204.
num_chunk_merges: 7.
num_chunk_splits: 790.
num_chunks_enlarged: 508.
num_purges: 2.
num_inconsistent_stats: 0.

CodeHeap 'non-profiled nmethods': size=120000Kb used=1493Kb max_used=1493Kb free=118506Kb
 bounds [0x0000026b87ad0000, 0x0000026b87d40000, 0x0000026b8f000000]
CodeHeap 'profiled nmethods': size=120000Kb used=6544Kb max_used=6544Kb free=113455Kb
 bounds [0x0000026b805a0000, 0x0000026b80c10000, 0x0000026b87ad0000]
CodeHeap 'non-nmethods': size=5760Kb used=1242Kb max_used=1304Kb free=4517Kb
 bounds [0x0000026b80000000, 0x0000026b80270000, 0x0000026b805a0000]
 total_blobs=3728 nmethods=3171 adapters=471
 compilation: enabled
              stopped_count=0, restarted_count=0
 full_count=0

Compilation events (20 events):
Event: 44.468 Thread 0x0000026bfbaa0410 3163       4       org.codehaus.plexus.util.xml.pull.MXParser::isNameChar (63 bytes)
Event: 44.469 Thread 0x0000026bfbaa0410 nmethod 3163 0x0000026b87c40e10 code [0x0000026b87c40fa0, 0x0000026b87c410b8]
Event: 44.476 Thread 0x0000026bf5f2ea40 3164       1       org.codehaus.plexus.util.xml.pull.MXParser::getEventType (5 bytes)
Event: 44.477 Thread 0x0000026bf5f2ea40 nmethod 3164 0x0000026b87c41210 code [0x0000026b87c413a0, 0x0000026b87c41478]
Event: 44.489 Thread 0x0000026bf5f2ea40 3165       3       org.codehaus.plexus.util.xml.pull.MXParser::getName (84 bytes)
Event: 44.490 Thread 0x0000026bf5f2ea40 nmethod 3165 0x0000026b80c01510 code [0x0000026b80c016e0, 0x0000026b80c01a48]
Event: 44.491 Thread 0x0000026bf5f2ea40 3166       3       java.util.Collections::emptyEnumeration (4 bytes)
Event: 44.491 Thread 0x0000026bf5f2ea40 nmethod 3166 0x0000026b80c01b90 code [0x0000026b80c01d20, 0x0000026b80c01e18]
Event: 44.494 Thread 0x0000026bf5f2ea40 3167   !   3       sun.nio.cs.StreamDecoder::read (196 bytes)
Event: 44.495 Thread 0x0000026bf5f2ea40 nmethod 3167 0x0000026b80c01e90 code [0x0000026b80c02100, 0x0000026b80c02ce8]
Event: 44.496 Thread 0x0000026bf5f2ea40 3168       3       java.util.ArrayList::contains (14 bytes)
Event: 44.497 Thread 0x0000026bf5f2ea40 nmethod 3168 0x0000026b80c03210 code [0x0000026b80c033c0, 0x0000026b80c036c8]
Event: 44.501 Thread 0x0000026bf5f2ea40 3169       3       com.sun.org.apache.xerces.internal.dom.NodeImpl::needsSyncChildren (15 bytes)
Event: 44.502 Thread 0x0000026bf5f2ea40 nmethod 3169 0x0000026b80c03790 code [0x0000026b80c03920, 0x0000026b80c03a98]
Event: 44.502 Thread 0x0000026bfbaa0410 3170       4       java.io.Reader::read (21 bytes)
Event: 44.506 Thread 0x0000026bf5f2ea40 3171       3       com.sun.org.apache.xerces.internal.dom.NodeImpl::needsSyncData (26 bytes)
Event: 44.506 Thread 0x0000026bf5f2ea40 nmethod 3171 0x0000026b80c03b10 code [0x0000026b80c03ca0, 0x0000026b80c03e18]
Event: 44.507 Thread 0x0000026bf5ede520 3172       4       java.io.InputStreamReader::read (11 bytes)
Event: 44.517 Thread 0x0000026bf5f2ea40 3174       3       com.sun.org.apache.xerces.internal.dom.NodeImpl::isOwned (16 bytes)
Event: 44.518 Thread 0x0000026bf5f2ea40 nmethod 3174 0x0000026b80c03e90 code [0x0000026b80c04020, 0x0000026b80c04198]

GC Heap History (16 events):
Event: 4.930 GC heap before
{Heap before GC invocations=1 (full 0):
 PSYoungGen      total 29696K, used 25600K [0x00000000eab00000, 0x00000000ecc00000, 0x0000000100000000)
  eden space 25600K, 100% used [0x00000000eab00000,0x00000000ec400000,0x00000000ec400000)
  from space 4096K, 0% used [0x00000000ec800000,0x00000000ec800000,0x00000000ecc00000)
  to   space 4096K, 0% used [0x00000000ec400000,0x00000000ec400000,0x00000000ec800000)
 ParOldGen       total 68608K, used 0K [0x00000000c0000000, 0x00000000c4300000, 0x00000000eab00000)
  object space 68608K, 0% used [0x00000000c0000000,0x00000000c0000000,0x00000000c4300000)
 Metaspace       used 10803K, committed 11008K, reserved 1064960K
  class space    used 1083K, committed 1152K, reserved 1048576K
}
Event: 4.947 GC heap after
{Heap after GC invocations=1 (full 0):
 PSYoungGen      total 29696K, used 3310K [0x00000000eab00000, 0x00000000ecc00000, 0x0000000100000000)
  eden space 25600K, 0% used [0x00000000eab00000,0x00000000eab00000,0x00000000ec400000)
  from space 4096K, 80% used [0x00000000ec400000,0x00000000ec73bb28,0x00000000ec800000)
  to   space 4096K, 0% used [0x00000000ec800000,0x00000000ec800000,0x00000000ecc00000)
 ParOldGen       total 68608K, used 0K [0x00000000c0000000, 0x00000000c4300000, 0x00000000eab00000)
  object space 68608K, 0% used [0x00000000c0000000,0x00000000c0000000,0x00000000c4300000)
 Metaspace       used 10803K, committed 11008K, reserved 1064960K
  class space    used 1083K, committed 1152K, reserved 1048576K
}
Event: 23.242 GC heap before
{Heap before GC invocations=2 (full 0):
 PSYoungGen      total 29696K, used 28910K [0x00000000eab00000, 0x00000000ecc00000, 0x0000000100000000)
  eden space 25600K, 100% used [0x00000000eab00000,0x00000000ec400000,0x00000000ec400000)
  from space 4096K, 80% used [0x00000000ec400000,0x00000000ec73bb28,0x00000000ec800000)
  to   space 4096K, 0% used [0x00000000ec800000,0x00000000ec800000,0x00000000ecc00000)
 ParOldGen       total 68608K, used 0K [0x00000000c0000000, 0x00000000c4300000, 0x00000000eab00000)
  object space 68608K, 0% used [0x00000000c0000000,0x00000000c0000000,0x00000000c4300000)
 Metaspace       used 14748K, committed 15040K, reserved 1064960K
  class space    used 1498K, committed 1664K, reserved 1048576K
}
Event: 23.249 GC heap after
{Heap after GC invocations=2 (full 0):
 PSYoungGen      total 29696K, used 4077K [0x00000000eab00000, 0x00000000ecc00000, 0x0000000100000000)
  eden space 25600K, 0% used [0x00000000eab00000,0x00000000eab00000,0x00000000ec400000)
  from space 4096K, 99% used [0x00000000ec800000,0x00000000ecbfb728,0x00000000ecc00000)
  to   space 4096K, 0% used [0x00000000ec400000,0x00000000ec400000,0x00000000ec800000)
 ParOldGen       total 68608K, used 1492K [0x00000000c0000000, 0x00000000c4300000, 0x00000000eab00000)
  object space 68608K, 2% used [0x00000000c0000000,0x00000000c0175370,0x00000000c4300000)
 Metaspace       used 14748K, committed 15040K, reserved 1064960K
  class space    used 1498K, committed 1664K, reserved 1048576K
}
Event: 24.474 GC heap before
{Heap before GC invocations=3 (full 0):
 PSYoungGen      total 29696K, used 29677K [0x00000000eab00000, 0x00000000ecc00000, 0x0000000100000000)
  eden space 25600K, 100% used [0x00000000eab00000,0x00000000ec400000,0x00000000ec400000)
  from space 4096K, 99% used [0x00000000ec800000,0x00000000ecbfb728,0x00000000ecc00000)
  to   space 4096K, 0% used [0x00000000ec400000,0x00000000ec400000,0x00000000ec800000)
 ParOldGen       total 68608K, used 1492K [0x00000000c0000000, 0x00000000c4300000, 0x00000000eab00000)
  object space 68608K, 2% used [0x00000000c0000000,0x00000000c0175370,0x00000000c4300000)
 Metaspace       used 19546K, committed 19968K, reserved 1073152K
  class space    used 1986K, committed 2176K, reserved 1048576K
}
Event: 24.481 GC heap after
{Heap after GC invocations=3 (full 0):
 PSYoungGen      total 29696K, used 4065K [0x00000000eab00000, 0x00000000ecc00000, 0x0000000100000000)
  eden space 25600K, 0% used [0x00000000eab00000,0x00000000eab00000,0x00000000ec400000)
  from space 4096K, 99% used [0x00000000ec400000,0x00000000ec7f8550,0x00000000ec800000)
  to   space 4096K, 0% used [0x00000000ec800000,0x00000000ec800000,0x00000000ecc00000)
 ParOldGen       total 68608K, used 3807K [0x00000000c0000000, 0x00000000c4300000, 0x00000000eab00000)
  object space 68608K, 5% used [0x00000000c0000000,0x00000000c03b7c18,0x00000000c4300000)
 Metaspace       used 19546K, committed 19968K, reserved 1073152K
  class space    used 1986K, committed 2176K, reserved 1048576K
}
Event: 29.128 GC heap before
{Heap before GC invocations=4 (full 0):
 PSYoungGen      total 29696K, used 16870K [0x00000000eab00000, 0x00000000ecc00000, 0x0000000100000000)
  eden space 25600K, 50% used [0x00000000eab00000,0x00000000eb781520,0x00000000ec400000)
  from space 4096K, 99% used [0x00000000ec400000,0x00000000ec7f8550,0x00000000ec800000)
  to   space 4096K, 0% used [0x00000000ec800000,0x00000000ec800000,0x00000000ecc00000)
 ParOldGen       total 68608K, used 3807K [0x00000000c0000000, 0x00000000c4300000, 0x00000000eab00000)
  object space 68608K, 5% used [0x00000000c0000000,0x00000000c03b7c18,0x00000000c4300000)
 Metaspace       used 21124K, committed 21504K, reserved 1073152K
  class space    used 2131K, committed 2304K, reserved 1048576K
}
Event: 29.135 GC heap after
{Heap after GC invocations=4 (full 0):
 PSYoungGen      total 29696K, used 4065K [0x00000000eab00000, 0x00000000ecc00000, 0x0000000100000000)
  eden space 25600K, 0% used [0x00000000eab00000,0x00000000eab00000,0x00000000ec400000)
  from space 4096K, 99% used [0x00000000ec800000,0x00000000ecbf8550,0x00000000ecc00000)
  to   space 4096K, 0% used [0x00000000ec400000,0x00000000ec400000,0x00000000ec800000)
 ParOldGen       total 68608K, used 5980K [0x00000000c0000000, 0x00000000c4300000, 0x00000000eab00000)
  object space 68608K, 8% used [0x00000000c0000000,0x00000000c05d7318,0x00000000c4300000)
 Metaspace       used 21124K, committed 21504K, reserved 1073152K
  class space    used 2131K, committed 2304K, reserved 1048576K
}
Event: 29.135 GC heap before
{Heap before GC invocations=5 (full 1):
 PSYoungGen      total 29696K, used 4065K [0x00000000eab00000, 0x00000000ecc00000, 0x0000000100000000)
  eden space 25600K, 0% used [0x00000000eab00000,0x00000000eab00000,0x00000000ec400000)
  from space 4096K, 99% used [0x00000000ec800000,0x00000000ecbf8550,0x00000000ecc00000)
  to   space 4096K, 0% used [0x00000000ec400000,0x00000000ec400000,0x00000000ec800000)
 ParOldGen       total 68608K, used 5980K [0x00000000c0000000, 0x00000000c4300000, 0x00000000eab00000)
  object space 68608K, 8% used [0x00000000c0000000,0x00000000c05d7318,0x00000000c4300000)
 Metaspace       used 21124K, committed 21504K, reserved 1073152K
  class space    used 2131K, committed 2304K, reserved 1048576K
}
Event: 29.175 GC heap after
{Heap after GC invocations=5 (full 1):
 PSYoungGen      total 29696K, used 0K [0x00000000eab00000, 0x00000000ecc00000, 0x0000000100000000)
  eden space 25600K, 0% used [0x00000000eab00000,0x00000000eab00000,0x00000000ec400000)
  from space 4096K, 0% used [0x00000000ec800000,0x00000000ec800000,0x00000000ecc00000)
  to   space 4096K, 0% used [0x00000000ec400000,0x00000000ec400000,0x00000000ec800000)
 ParOldGen       total 68608K, used 9907K [0x00000000c0000000, 0x00000000c4300000, 0x00000000eab00000)
  object space 68608K, 14% used [0x00000000c0000000,0x00000000c09acfe0,0x00000000c4300000)
 Metaspace       used 21111K, committed 21504K, reserved 1073152K
  class space    used 2128K, committed 2304K, reserved 1048576K
}
Event: 41.107 GC heap before
{Heap before GC invocations=6 (full 1):
 PSYoungGen      total 29696K, used 25600K [0x00000000eab00000, 0x00000000ecc00000, 0x0000000100000000)
  eden space 25600K, 100% used [0x00000000eab00000,0x00000000ec400000,0x00000000ec400000)
  from space 4096K, 0% used [0x00000000ec800000,0x00000000ec800000,0x00000000ecc00000)
  to   space 4096K, 0% used [0x00000000ec400000,0x00000000ec400000,0x00000000ec800000)
 ParOldGen       total 68608K, used 9907K [0x00000000c0000000, 0x00000000c4300000, 0x00000000eab00000)
  object space 68608K, 14% used [0x00000000c0000000,0x00000000c09acfe0,0x00000000c4300000)
 Metaspace       used 24648K, committed 25152K, reserved 1073152K
  class space    used 2504K, committed 2752K, reserved 1048576K
}
Event: 41.109 GC heap after
{Heap after GC invocations=6 (full 1):
 PSYoungGen      total 28160K, used 2584K [0x00000000eab00000, 0x00000000ecb80000, 0x0000000100000000)
  eden space 25088K, 0% used [0x00000000eab00000,0x00000000eab00000,0x00000000ec380000)
  from space 3072K, 84% used [0x00000000ec400000,0x00000000ec686128,0x00000000ec700000)
  to   space 4096K, 0% used [0x00000000ec780000,0x00000000ec780000,0x00000000ecb80000)
 ParOldGen       total 68608K, used 9915K [0x00000000c0000000, 0x00000000c4300000, 0x00000000eab00000)
  object space 68608K, 14% used [0x00000000c0000000,0x00000000c09aefe0,0x00000000c4300000)
 Metaspace       used 24648K, committed 25152K, reserved 1073152K
  class space    used 2504K, committed 2752K, reserved 1048576K
}
Event: 42.196 GC heap before
{Heap before GC invocations=7 (full 1):
 PSYoungGen      total 28160K, used 27672K [0x00000000eab00000, 0x00000000ecb80000, 0x0000000100000000)
  eden space 25088K, 100% used [0x00000000eab00000,0x00000000ec380000,0x00000000ec380000)
  from space 3072K, 84% used [0x00000000ec400000,0x00000000ec686128,0x00000000ec700000)
  to   space 4096K, 0% used [0x00000000ec780000,0x00000000ec780000,0x00000000ecb80000)
 ParOldGen       total 68608K, used 9915K [0x00000000c0000000, 0x00000000c4300000, 0x00000000eab00000)
  object space 68608K, 14% used [0x00000000c0000000,0x00000000c09aefe0,0x00000000c4300000)
 Metaspace       used 28349K, committed 28800K, reserved 1081344K
  class space    used 2824K, committed 3008K, reserved 1048576K
}
Event: 42.199 GC heap after
{Heap after GC invocations=7 (full 1):
 PSYoungGen      total 27648K, used 2569K [0x00000000eab00000, 0x00000000eca80000, 0x0000000100000000)
  eden space 24576K, 0% used [0x00000000eab00000,0x00000000eab00000,0x00000000ec300000)
  from space 3072K, 83% used [0x00000000ec780000,0x00000000eca026d8,0x00000000eca80000)
  to   space 3072K, 0% used [0x00000000ec480000,0x00000000ec480000,0x00000000ec780000)
 ParOldGen       total 68608K, used 9915K [0x00000000c0000000, 0x00000000c4300000, 0x00000000eab00000)
  object space 68608K, 14% used [0x00000000c0000000,0x00000000c09aefe0,0x00000000c4300000)
 Metaspace       used 28349K, committed 28800K, reserved 1081344K
  class space    used 2824K, committed 3008K, reserved 1048576K
}
Event: 43.374 GC heap before
{Heap before GC invocations=8 (full 1):
 PSYoungGen      total 27648K, used 27145K [0x00000000eab00000, 0x00000000eca80000, 0x0000000100000000)
  eden space 24576K, 100% used [0x00000000eab00000,0x00000000ec300000,0x00000000ec300000)
  from space 3072K, 83% used [0x00000000ec780000,0x00000000eca026d8,0x00000000eca80000)
  to   space 3072K, 0% used [0x00000000ec480000,0x00000000ec480000,0x00000000ec780000)
 ParOldGen       total 68608K, used 9915K [0x00000000c0000000, 0x00000000c4300000, 0x00000000eab00000)
  object space 68608K, 14% used [0x00000000c0000000,0x00000000c09aefe0,0x00000000c4300000)
 Metaspace       used 30932K, committed 31424K, reserved 1081344K
  class space    used 3087K, committed 3328K, reserved 1048576K
}
Event: 43.376 GC heap after
{Heap after GC invocations=8 (full 1):
 PSYoungGen      total 27136K, used 3012K [0x00000000eab00000, 0x00000000ec980000, 0x0000000100000000)
  eden space 24064K, 0% used [0x00000000eab00000,0x00000000eab00000,0x00000000ec280000)
  from space 3072K, 98% used [0x00000000ec480000,0x00000000ec771240,0x00000000ec780000)
  to   space 2048K, 0% used [0x00000000ec780000,0x00000000ec780000,0x00000000ec980000)
 ParOldGen       total 68608K, used 9923K [0x00000000c0000000, 0x00000000c4300000, 0x00000000eab00000)
  object space 68608K, 14% used [0x00000000c0000000,0x00000000c09b0fe0,0x00000000c4300000)
 Metaspace       used 30932K, committed 31424K, reserved 1081344K
  class space    used 3087K, committed 3328K, reserved 1048576K
}

Deoptimization events (20 events):
Event: 43.487 Thread 0x0000026bf81a0b30 DEOPT PACKING pc=0x0000026b87ba29a0 sp=0x000000b8f5af7fd0
Event: 43.487 Thread 0x0000026bf81a0b30 DEOPT UNPACKING pc=0x0000026b800520a3 sp=0x000000b8f5af7fc0 mode 2
Event: 43.487 Thread 0x0000026bf81a0b30 DEOPT PACKING pc=0x0000026b80b6dc9e sp=0x000000b8f5af7fb0
Event: 43.487 Thread 0x0000026bf81a0b30 DEOPT UNPACKING pc=0x0000026b80052843 sp=0x000000b8f5af74a8 mode 0
Event: 43.691 Thread 0x0000026bf81a0b30 DEOPT PACKING pc=0x0000026b80b6dc9e sp=0x000000b8f5af8d60
Event: 43.691 Thread 0x0000026bf81a0b30 DEOPT UNPACKING pc=0x0000026b80052843 sp=0x000000b8f5af8258 mode 0
Event: 43.799 Thread 0x0000026bf81a0b30 DEOPT PACKING pc=0x0000026b80b6dc9e sp=0x000000b8f5af8d60
Event: 43.799 Thread 0x0000026bf81a0b30 DEOPT UNPACKING pc=0x0000026b80052843 sp=0x000000b8f5af8258 mode 0
Event: 44.175 Thread 0x0000026bf835bd50 Uncommon trap: trap_request=0xffffff45 fr.pc=0x0000026b87bdb9b4 relative=0x0000000000000114
Event: 44.175 Thread 0x0000026bf835bd50 Uncommon trap: reason=unstable_if action=reinterpret pc=0x0000026b87bdb9b4 method=jdk.internal.org.objectweb.asm.SymbolTable.put(Ljdk/internal/org/objectweb/asm/SymbolTable$Entry;)Ljdk/internal/org/objectweb/asm/SymbolTable$Entry; @ 13 c2
Event: 44.175 Thread 0x0000026bf835bd50 DEOPT PACKING pc=0x0000026b87bdb9b4 sp=0x000000b8f5efd880
Event: 44.175 Thread 0x0000026bf835bd50 DEOPT UNPACKING pc=0x0000026b800520a3 sp=0x000000b8f5efd7e0 mode 2
Event: 44.459 Thread 0x0000026bf835bd50 Uncommon trap: trap_request=0xffffff45 fr.pc=0x0000026b87ba9cb4 relative=0x0000000000000114
Event: 44.459 Thread 0x0000026bf835bd50 Uncommon trap: reason=unstable_if action=reinterpret pc=0x0000026b87ba9cb4 method=java.util.ArrayList.indexOfRange(Ljava/lang/Object;II)I @ 7 c2
Event: 44.459 Thread 0x0000026bf835bd50 DEOPT PACKING pc=0x0000026b87ba9cb4 sp=0x000000b8f5efe620
Event: 44.459 Thread 0x0000026bf835bd50 DEOPT UNPACKING pc=0x0000026b800520a3 sp=0x000000b8f5efe4e0 mode 2
Event: 44.494 Thread 0x0000026bf835bd50 Uncommon trap: trap_request=0xffffff45 fr.pc=0x0000026b87c3d900 relative=0x0000000000001900
Event: 44.494 Thread 0x0000026bf835bd50 Uncommon trap: reason=unstable_if action=reinterpret pc=0x0000026b87c3d900 method=sun.nio.cs.StreamDecoder.implRead([CII)I @ 71 c2
Event: 44.494 Thread 0x0000026bf835bd50 DEOPT PACKING pc=0x0000026b87c3d900 sp=0x000000b8f5efe130
Event: 44.494 Thread 0x0000026bf835bd50 DEOPT UNPACKING pc=0x0000026b800520a3 sp=0x000000b8f5efdf58 mode 2

Classes unloaded (7 events):
Event: 29.142 Thread 0x0000026bf5eae2d0 Unloading class 0x0000000100213400 'java/lang/invoke/LambdaForm$MH+0x0000000100213400'
Event: 29.142 Thread 0x0000026bf5eae2d0 Unloading class 0x0000000100213000 'java/lang/invoke/LambdaForm$MH+0x0000000100213000'
Event: 29.142 Thread 0x0000026bf5eae2d0 Unloading class 0x0000000100212c00 'java/lang/invoke/LambdaForm$MH+0x0000000100212c00'
Event: 29.142 Thread 0x0000026bf5eae2d0 Unloading class 0x0000000100212400 'java/lang/invoke/LambdaForm$MH+0x0000000100212400'
Event: 29.142 Thread 0x0000026bf5eae2d0 Unloading class 0x0000000100212000 'java/lang/invoke/LambdaForm$BMH+0x0000000100212000'
Event: 29.142 Thread 0x0000026bf5eae2d0 Unloading class 0x0000000100211c00 'java/lang/invoke/LambdaForm$DMH+0x0000000100211c00'
Event: 29.142 Thread 0x0000026bf5eae2d0 Unloading class 0x000000010020e400 'java/lang/invoke/LambdaForm$DMH+0x000000010020e400'

Classes redefined (0 events):
No events

Internal exceptions (20 events):
Event: 24.230 Thread 0x0000026bf81a0b30 Exception <a 'java/lang/NoSuchMethodError'{0x00000000ebf3c490}: 'void java.lang.invoke.DirectMethodHandle$Holder.invokeInterface(java.lang.Object, java.lang.Object, java.lang.Object)'> (0x00000000ebf3c490) 
thrown [s\src\hotspot\share\interpreter\linkResolver.cpp, line 759]
Event: 24.427 Thread 0x0000026bf81a0b30 Exception <a 'java/lang/NoSuchMethodError'{0x00000000ec24ca30}: 'java.lang.Object java.lang.invoke.Invokers$Holder.invokeExact_MT(java.lang.Object, java.lang.Object, java.lang.Object, java.lang.Object, java.lang.Object, java.lang.Object)'> (0x00000000ec24ca30) 
thrown [s\src\hotspot\share\interpreter\linkResolver.cpp, line 759]
Event: 24.453 Thread 0x0000026bf81a0b30 Exception <a 'java/lang/NoSuchMethodError'{0x00000000ec32ece8}: 'java.lang.Object java.lang.invoke.DirectMethodHandle$Holder.invokeStatic(java.lang.Object, java.lang.Object, int)'> (0x00000000ec32ece8) 
thrown [s\src\hotspot\share\interpreter\linkResolver.cpp, line 759]
Event: 24.454 Thread 0x0000026bf81a0b30 Exception <a 'java/lang/NoSuchMethodError'{0x00000000ec333c68}: 'void java.lang.invoke.DirectMethodHandle$Holder.invokeStatic(java.lang.Object, java.lang.Object, int, java.lang.Object)'> (0x00000000ec333c68) 
thrown [s\src\hotspot\share\interpreter\linkResolver.cpp, line 759]
Event: 24.455 Thread 0x0000026bf81a0b30 Exception <a 'java/lang/NoSuchMethodError'{0x00000000ec33b398}: 'void java.lang.invoke.DelegatingMethodHandle$Holder.delegate(java.lang.Object, java.lang.Object, int, java.lang.Object)'> (0x00000000ec33b398) 
thrown [s\src\hotspot\share\interpreter\linkResolver.cpp, line 759]
Event: 24.457 Thread 0x0000026bf81a0b30 Exception <a 'java/lang/NoSuchMethodError'{0x00000000ec34bf80}: 'int java.lang.invoke.DirectMethodHandle$Holder.invokeStatic(java.lang.Object, java.lang.Object, int)'> (0x00000000ec34bf80) 
thrown [s\src\hotspot\share\interpreter\linkResolver.cpp, line 759]
Event: 24.458 Thread 0x0000026bf81a0b30 Exception <a 'java/lang/NoSuchMethodError'{0x00000000ec34ffa8}: 'int java.lang.invoke.DirectMethodHandle$Holder.invokeSpecial(java.lang.Object, java.lang.Object, java.lang.Object, int)'> (0x00000000ec34ffa8) 
thrown [s\src\hotspot\share\interpreter\linkResolver.cpp, line 759]
Event: 24.460 Thread 0x0000026bf81a0b30 Exception <a 'java/lang/NoSuchMethodError'{0x00000000ec36aa28}: 'java.lang.Object java.lang.invoke.DirectMethodHandle$Holder.invokeStatic(java.lang.Object, java.lang.Object, java.lang.Object, java.lang.Object, int)'> (0x00000000ec36aa28) 
thrown [s\src\hotspot\share\interpreter\linkResolver.cpp, line 759]
Event: 24.462 Thread 0x0000026bf81a0b30 Exception <a 'java/lang/NoSuchMethodError'{0x00000000ec376a20}: 'java.lang.Object java.lang.invoke.DelegatingMethodHandle$Holder.reinvoke_L(java.lang.Object, java.lang.Object, java.lang.Object, java.lang.Object, int, int)'> (0x00000000ec376a20) 
thrown [s\src\hotspot\share\interpreter\linkResolver.cpp, line 759]
Event: 24.465 Thread 0x0000026bf81a0b30 Exception <a 'java/lang/NoSuchMethodError'{0x00000000ec38ea48}: 'java.lang.Object java.lang.invoke.Invokers$Holder.invokeExact_MT(java.lang.Object, java.lang.Object, java.lang.Object, java.lang.Object)'> (0x00000000ec38ea48) 
thrown [s\src\hotspot\share\interpreter\linkResolver.cpp, line 759]
Event: 29.445 Thread 0x0000026bf81a0b30 Exception <a 'java/lang/NoSuchMethodError'{0x00000000eabbf538}: 'int java.lang.invoke.DirectMethodHandle$Holder.invokeStaticInit(java.lang.Object, java.lang.Object, java.lang.Object)'> (0x00000000eabbf538) 
thrown [s\src\hotspot\share\interpreter\linkResolver.cpp, line 759]
Event: 29.495 Thread 0x0000026bf81a0b30 Exception <a 'java/lang/IncompatibleClassChangeError'{0x00000000eac26e90}: Found class java.lang.Object, but interface was expected> (0x00000000eac26e90) 
thrown [s\src\hotspot\share\interpreter\linkResolver.cpp, line 826]
Event: 39.567 Thread 0x0000026bf81a0b30 Exception <a 'java/io/FileNotFoundException'{0x00000000eb3de4c8}> (0x00000000eb3de4c8) 
thrown [s\src\hotspot\share\prims\jni.cpp, line 516]
Event: 40.113 Thread 0x0000026bf81a0b30 Exception <a 'java/lang/NoSuchMethodError'{0x00000000eb89f218}: 'void java.lang.invoke.DirectMethodHandle$Holder.invokeSpecial(java.lang.Object, java.lang.Object, java.lang.Object, int)'> (0x00000000eb89f218) 
thrown [s\src\hotspot\share\interpreter\linkResolver.cpp, line 759]
Event: 40.594 Thread 0x0000026bf835c220 Exception <a 'java/io/FileNotFoundException'{0x00000000eabb6e50}> (0x00000000eabb6e50) 
thrown [s\src\hotspot\share\prims\jni.cpp, line 516]
Event: 41.487 Thread 0x0000026bf835bd50 Exception <a 'java/lang/NoSuchMethodError'{0x00000000eb4e8b98}: 'java.lang.Object java.lang.invoke.DirectMethodHandle$Holder.newInvokeSpecial(java.lang.Object, java.lang.Object, java.lang.Object, java.lang.Object, java.lang.Object)'> (0x00000000eb4e8b98) 
thrown [s\src\hotspot\share\interpreter\linkResolver.cpp, line 759]
Event: 43.680 Thread 0x0000026bf81a0b30 Exception <a 'java/lang/ClassNotFoundException'{0x00000000eaed52c8}: com/sun/org/apache/xerces/internal/impl/msg/spi/DOMMessagesProvider> (0x00000000eaed52c8) 
thrown [s\src\hotspot\share\classfile\systemDictionary.cpp, line 256]
Event: 43.692 Thread 0x0000026bf81a0b30 Exception <a 'java/lang/ClassNotFoundException'{0x00000000eaef0eb0}: com/sun/org/apache/xerces/internal/impl/msg/spi/XMLSerializerMessagesProvider> (0x00000000eaef0eb0) 
thrown [s\src\hotspot\share\classfile\systemDictionary.cpp, line 256]
Event: 43.716 Thread 0x0000026bf81a0b30 Exception <a 'java/lang/ClassNotFoundException'{0x00000000eaefe138}: com/sun/org/apache/xerces/internal/impl/msg/spi/XMLMessagesProvider> (0x00000000eaefe138) 
thrown [s\src\hotspot\share\classfile\systemDictionary.cpp, line 256]
Event: 44.329 Thread 0x0000026bf835bd50 Exception <a 'java/lang/NoClassDefFoundError'{0x00000000eb2e7bd0}: javax/enterprise/inject/Typed> (0x00000000eb2e7bd0) 
thrown [s\src\hotspot\share\classfile\systemDictionary.cpp, line 245]

VM Operations (20 events):
Event: 40.091 Executing VM operation: HandshakeAllThreads
Event: 40.091 Executing VM operation: HandshakeAllThreads done
Event: 40.091 Executing VM operation: HandshakeAllThreads
Event: 40.091 Executing VM operation: HandshakeAllThreads done
Event: 41.091 Executing VM operation: Cleanup
Event: 41.097 Executing VM operation: Cleanup done
Event: 41.107 Executing VM operation: ParallelGCFailedAllocation
Event: 41.109 Executing VM operation: ParallelGCFailedAllocation done
Event: 41.644 Executing VM operation: HandshakeAllThreads
Event: 41.647 Executing VM operation: HandshakeAllThreads done
Event: 42.196 Executing VM operation: ParallelGCFailedAllocation
Event: 42.199 Executing VM operation: ParallelGCFailedAllocation done
Event: 43.200 Executing VM operation: Cleanup
Event: 43.200 Executing VM operation: Cleanup done
Event: 43.374 Executing VM operation: ParallelGCFailedAllocation
Event: 43.377 Executing VM operation: ParallelGCFailedAllocation done
Event: 44.249 Executing VM operation: HandshakeAllThreads
Event: 44.249 Executing VM operation: HandshakeAllThreads done
Event: 44.249 Executing VM operation: HandshakeAllThreads
Event: 44.249 Executing VM operation: HandshakeAllThreads done

Events (20 events):
Event: 43.713 loading class com/sun/org/apache/xerces/internal/impl/msg/XMLSerializerMessages_en_IN done
Event: 43.716 loading class com/sun/org/apache/xerces/internal/impl/msg/XMLMessages
Event: 43.716 loading class com/sun/org/apache/xerces/internal/impl/msg/XMLMessages done
Event: 43.716 loading class com/sun/org/apache/xerces/internal/impl/msg/XMLMessages
Event: 43.716 loading class com/sun/org/apache/xerces/internal/impl/msg/XMLMessages done
Event: 43.979 loading class com/sun/org/apache/xerces/internal/impl/msg/XMLMessages_en
Event: 43.979 loading class com/sun/org/apache/xerces/internal/impl/msg/XMLMessages_en done
Event: 43.979 loading class com/sun/org/apache/xerces/internal/impl/msg/XMLMessages_en
Event: 43.979 loading class com/sun/org/apache/xerces/internal/impl/msg/XMLMessages_en done
Event: 43.980 loading class com/sun/org/apache/xerces/internal/impl/msg/XMLMessages_en_IN
Event: 43.980 loading class com/sun/org/apache/xerces/internal/impl/msg/XMLMessages_en_IN done
Event: 43.980 loading class com/sun/org/apache/xerces/internal/impl/msg/XMLMessages_en_IN
Event: 43.980 loading class com/sun/org/apache/xerces/internal/impl/msg/XMLMessages_en_IN done
Event: 44.258 loading class java/math/BigDecimal
Event: 44.265 loading class java/math/BigDecimal done
Event: 44.266 loading class java/lang/Short$ShortCache
Event: 44.266 loading class java/lang/Short$ShortCache done
Event: 44.322 loading class java/lang/annotation/IncompleteAnnotationException
Event: 44.328 loading class java/lang/annotation/IncompleteAnnotationException done
Event: 44.401 Thread 0x0000026bfbaa0410 Thread added: 0x0000026bfbaa0410


Dynamic libraries:
0x00007ff6ed840000 - 0x00007ff6ed84e000 	c:\Users\simra\.antigravity\extensions\redhat.java-1.12.0-win32-x64\jre\17.0.4.1-win32-x86_64\bin\java.exe
0x00007ffc75c80000 - 0x00007ffc75ee8000 	C:\WINDOWS\SYSTEM32\ntdll.dll
0x00007ffc73b20000 - 0x00007ffc73be9000 	C:\WINDOWS\System32\KERNEL32.DLL
0x00007ffc73620000 - 0x00007ffc73a11000 	C:\WINDOWS\System32\KERNELBASE.dll
0x00007ffc72900000 - 0x00007ffc72a4b000 	C:\WINDOWS\System32\ucrtbase.dll
0x00007ffc4e720000 - 0x00007ffc4e738000 	c:\Users\simra\.antigravity\extensions\redhat.java-1.12.0-win32-x64\jre\17.0.4.1-win32-x86_64\bin\jli.dll
0x00007ffc73e80000 - 0x00007ffc74046000 	C:\WINDOWS\System32\USER32.dll
0x00007ffc735f0000 - 0x00007ffc73617000 	C:\WINDOWS\System32\win32u.dll
0x00007ffc75280000 - 0x00007ffc752ab000 	C:\WINDOWS\System32\GDI32.dll
0x00007ffc72c50000 - 0x00007ffc72d7b000 	C:\WINDOWS\System32\gdi32full.dll
0x00007ffc727a0000 - 0x00007ffc72843000 	C:\WINDOWS\System32\msvcp_win.dll
0x00007ffc4ca80000 - 0x00007ffc4ca99000 	c:\Users\simra\.antigravity\extensions\redhat.java-1.12.0-win32-x64\jre\17.0.4.1-win32-x86_64\bin\VCRUNTIME140.dll
0x00007ffc634c0000 - 0x00007ffc63753000 	C:\WINDOWS\WinSxS\amd64_microsoft.windows.common-controls_6595b64144ccf1df_6.0.26100.7824_none_3e0870b2e3345462\COMCTL32.dll
0x00007ffc75090000 - 0x00007ffc75139000 	C:\WINDOWS\System32\msvcrt.dll
0x00007ffc753a0000 - 0x00007ffc753d1000 	C:\WINDOWS\System32\IMM32.DLL
0x00007ffc57e30000 - 0x00007ffc57e3c000 	c:\Users\simra\.antigravity\extensions\redhat.java-1.12.0-win32-x64\jre\17.0.4.1-win32-x86_64\bin\vcruntime140_1.dll
0x00007ffbaffa0000 - 0x00007ffbb0031000 	c:\Users\simra\.antigravity\extensions\redhat.java-1.12.0-win32-x64\jre\17.0.4.1-win32-x86_64\bin\msvcp140.dll
0x00007ffbaf350000 - 0x00007ffbaff96000 	c:\Users\simra\.antigravity\extensions\redhat.java-1.12.0-win32-x64\jre\17.0.4.1-win32-x86_64\bin\server\jvm.dll
0x00007ffc74c80000 - 0x00007ffc74d34000 	C:\WINDOWS\System32\ADVAPI32.dll
0x00007ffc73bf0000 - 0x00007ffc73c96000 	C:\WINDOWS\System32\sechost.dll
0x00007ffc75140000 - 0x00007ffc75258000 	C:\WINDOWS\System32\RPCRT4.dll
0x00007ffc75390000 - 0x00007ffc75398000 	C:\WINDOWS\System32\PSAPI.DLL
0x00007ffc62030000 - 0x00007ffc6203a000 	C:\WINDOWS\SYSTEM32\WSOCK32.dll
0x00007ffc74f60000 - 0x00007ffc74fd4000 	C:\WINDOWS\System32\WS2_32.dll
0x00007ffc5fd90000 - 0x00007ffc5fdc5000 	C:\WINDOWS\SYSTEM32\WINMM.dll
0x00007ffc63d80000 - 0x00007ffc63d8b000 	C:\WINDOWS\SYSTEM32\VERSION.dll
0x00007ffc712d0000 - 0x00007ffc712eb000 	C:\WINDOWS\SYSTEM32\kernel.appcore.dll
0x00007ffc519b0000 - 0x00007ffc519ba000 	c:\Users\simra\.antigravity\extensions\redhat.java-1.12.0-win32-x64\jre\17.0.4.1-win32-x86_64\bin\jimage.dll
0x00007ffc5fde0000 - 0x00007ffc60022000 	C:\WINDOWS\SYSTEM32\DBGHELP.DLL
0x00007ffc74050000 - 0x00007ffc743d6000 	C:\WINDOWS\System32\combase.dll
0x00007ffc74e80000 - 0x00007ffc74f57000 	C:\WINDOWS\System32\OLEAUT32.dll
0x00007ffc5f280000 - 0x00007ffc5f2bb000 	C:\WINDOWS\SYSTEM32\dbgcore.DLL
0x00007ffc72850000 - 0x00007ffc728f5000 	C:\WINDOWS\System32\bcryptPrimitives.dll
0x00007ffc4f240000 - 0x00007ffc4f24e000 	c:\Users\simra\.antigravity\extensions\redhat.java-1.12.0-win32-x64\jre\17.0.4.1-win32-x86_64\bin\instrument.dll
0x00007ffc02b70000 - 0x00007ffc02b95000 	c:\Users\simra\.antigravity\extensions\redhat.java-1.12.0-win32-x64\jre\17.0.4.1-win32-x86_64\bin\java.dll
0x00007ffc352f0000 - 0x00007ffc35308000 	c:\Users\simra\.antigravity\extensions\redhat.java-1.12.0-win32-x64\jre\17.0.4.1-win32-x86_64\bin\zip.dll
0x00007ffc753e0000 - 0x00007ffc75b32000 	C:\WINDOWS\System32\SHELL32.dll
0x00007ffc72ae0000 - 0x00007ffc72c4a000 	C:\WINDOWS\System32\wintypes.dll
0x00007ffc72d80000 - 0x00007ffc735e3000 	C:\WINDOWS\System32\windows.storage.dll
0x00007ffc75b40000 - 0x00007ffc75c36000 	C:\WINDOWS\System32\SHCORE.dll
0x00007ffc74c10000 - 0x00007ffc74c77000 	C:\WINDOWS\System32\shlwapi.dll
0x00007ffc72480000 - 0x00007ffc724a9000 	C:\WINDOWS\SYSTEM32\profapi.dll
0x00007ffc34600000 - 0x00007ffc34619000 	C:\Users\simra\.antigravity\extensions\redhat.java-1.12.0-win32-x64\jre\17.0.4.1-win32-x86_64\bin\net.dll
0x00007ffc68c30000 - 0x00007ffc68d57000 	C:\WINDOWS\SYSTEM32\WINHTTP.dll
0x00007ffc71840000 - 0x00007ffc718ab000 	C:\WINDOWS\system32\mswsock.dll
0x00007ffc33d70000 - 0x00007ffc33d85000 	C:\Users\simra\.antigravity\extensions\redhat.java-1.12.0-win32-x64\jre\17.0.4.1-win32-x86_64\bin\nio.dll
0x00007ffc4f210000 - 0x00007ffc4f220000 	c:\Users\simra\.antigravity\extensions\redhat.java-1.12.0-win32-x64\jre\17.0.4.1-win32-x86_64\bin\verify.dll
0x00007ffbe6b40000 - 0x00007ffbe6b7e000 	C:\Users\simra\AppData\Roaming\Antigravity\User\globalStorage\redhat.java\1.12.0\config_win\org.eclipse.equinox.launcher\org.eclipse.equinox.launcher.win32.win32.x86_64_1.2.600.v20220720-1916\eclipse_11700.dll
0x00007ffc74a40000 - 0x00007ffc74bd7000 	C:\WINDOWS\System32\ole32.dll

dbghelp: loaded successfully - version: 4.0.5 - missing functions: none
symbol engine: initialized successfully - sym options: 0x614 - pdb path: .;c:\Users\simra\.antigravity\extensions\redhat.java-1.12.0-win32-x64\jre\17.0.4.1-win32-x86_64\bin;C:\WINDOWS\SYSTEM32;C:\WINDOWS\WinSxS\amd64_microsoft.windows.common-controls_6595b64144ccf1df_6.0.26100.7824_none_3e0870b2e3345462;c:\Users\simra\.antigravity\extensions\redhat.java-1.12.0-win32-x64\jre\17.0.4.1-win32-x86_64\bin\server;C:\Users\simra\AppData\Roaming\Antigravity\User\globalStorage\redhat.java\1.12.0\config_win\org.eclipse.equinox.launcher\org.eclipse.equinox.launcher.win32.win32.x86_64_1.2.600.v20220720-1916

VM Arguments:
jvm_args: --add-modules=ALL-SYSTEM --add-opens=java.base/java.util=ALL-UNNAMED --add-opens=java.base/java.lang=ALL-UNNAMED --add-opens=java.base/sun.nio.fs=ALL-UNNAMED -Declipse.application=org.eclipse.jdt.ls.core.id1 -Dosgi.bundles.defaultStartLevel=4 -Declipse.product=org.eclipse.jdt.ls.core.product -Djava.import.generatesMetadataFilesAtProjectRoot=false -Dfile.encoding=utf8 -XX:+UseParallelGC -XX:GCTimeRatio=4 -XX:AdaptiveSizePolicyWeight=90 -Dsun.zip.disableMemoryMapping=true -Xmx1G -Xms100m -Xlog:disable -javaagent:c:\Users\simra\.antigravity\extensions\redhat.java-1.12.0-win32-x64\lombok\lombok-1.18.24.jar -XX:+HeapDumpOnOutOfMemoryError -XX:HeapDumpPath=c:\Users\simra\AppData\Roaming\Antigravity\User\workspaceStorage\f18ee0e1ceccf94165e7126aaeec7402\redhat.java 
java_command: c:\Users\simra\.antigravity\extensions\redhat.java-1.12.0-win32-x64\server\plugins\org.eclipse.equinox.launcher_1.6.400.v20210924-0641.jar -configuration c:\Users\simra\AppData\Roaming\Antigravity\User\globalStorage\redhat.java\1.12.0\config_win -data c:\Users\simra\AppData\Roaming\Antigravity\User\workspaceStorage\f18ee0e1ceccf94165e7126aaeec7402\redhat.java\jdt_ws
java_class_path (initial): c:\Users\simra\.antigravity\extensions\redhat.java-1.12.0-win32-x64\server\plugins\org.eclipse.equinox.launcher_1.6.400.v20210924-0641.jar
Launcher Type: SUN_STANDARD

[Global flags]
    uintx AdaptiveSizePolicyWeight                 = 90                                        {product} {command line}
     intx CICompilerCount                          = 3                                         {product} {ergonomic}
    uintx GCTimeRatio                              = 4                                         {product} {command line}
     bool HeapDumpOnOutOfMemoryError               = true                                   {manageable} {command line}
    ccstr HeapDumpPath                             = c:\Users\simra\AppData\Roaming\Antigravity\User\workspaceStorage\f18ee0e1ceccf94165e7126aaeec7402\redhat.java         {manageable} {command line}
   size_t InitialHeapSize                          = 104857600                                 {product} {command line}
   size_t MaxHeapSize                              = 1073741824                                {product} {command line}
   size_t MaxNewSize                               = 357564416                                 {product} {ergonomic}
   size_t MinHeapDeltaBytes                        = 524288                                    {product} {ergonomic}
   size_t MinHeapSize                              = 104857600                                 {product} {command line}
   size_t NewSize                                  = 34603008                                  {product} {ergonomic}
    uintx NonNMethodCodeHeapSize                   = 5832780                                {pd product} {ergonomic}
    uintx NonProfiledCodeHeapSize                  = 122912730                              {pd product} {ergonomic}
   size_t OldSize                                  = 70254592                                  {product} {ergonomic}
    uintx ProfiledCodeHeapSize                     = 122912730                              {pd product} {ergonomic}
    uintx ReservedCodeCacheSize                    = 251658240                              {pd product} {ergonomic}
     bool SegmentedCodeCache                       = true                                      {product} {ergonomic}
   size_t SoftMaxHeapSize                          = 1073741824                             {manageable} {ergonomic}
     bool UseCompressedClassPointers               = true                           {product lp64_product} {ergonomic}
     bool UseCompressedOops                        = true                           {product lp64_product} {ergonomic}
     bool UseLargePagesIndividualAllocation        = false                                  {pd product} {ergonomic}
     bool UseParallelGC                            = true                                      {product} {command line}

Logging:
Log output configuration:
 #0: stdout all=off uptime,level,tags
 #1: stderr all=off uptime,level,tags

Environment Variables:
JAVA_HOME=C:\Program Files\Microsoft\jdk-17.0.17.10-hotspot
PATH=C:\Python314\Scripts\;C:\Python314\;C:\Program Files\Microsoft\jdk-17.0.17.10-hotspot\bin;C:\WINDOWS\system32;C:\WINDOWS;C:\WINDOWS\System32\Wbem;C:\WINDOWS\System32\WindowsPowerShell\v1.0\;C:\WINDOWS\System32\OpenSSH\;C:\ProgramData\chocolatey\bin;C:\Users\simra\AppData\Local\Android\Sdk;C:\Users\simra\AppData\Local\Android\Sdk\build-tools;C:\Users\simra\AppData\Local\Android\Sdk\platform-tools;C:\Users\simra\AppData\Local\Android\Sdk\platforms;C:\Users\simra\AppData\Local\Android\Sdk\emulator;C:\Program Files\MongoDB\Server\8.2\bin;C:\Program Files\Git\cmd;C:\Program Files\Git\bin;C:\Program Files\Microsoft SQL Server\170\Tools\Binn\;C:\Users\simra\AppData\Local\nvm;C:\nvm4w\nodejs;C:\Program Files\nodejs\;C:\Program Files\OpenSSL-Win64\bin;C:\Program Files\Microsoft SQL Server\Client SDK\ODBC\170\Tools\Binn\;C:\Program Files\dotnet\;C:\Program Files (x86)\Windows Kits\10\Windows Performance Toolkit\;C:\Program Files\MongoDB\Server\8.2\bin;C:\Program Files\MongoDB\Tools\100\bin;C:\Program Files\MongoDB\mongosh-2.6.0-win32-x64\bin;C:\Users\simra\.cargo\bin;C:\Users\simra\AppData\Local\Programs\Python\Python311\Scripts\;C:\Users\simra\AppData\Local\Programs\Python\Python311\;C:\Users\simra\AppData\Local\Microsoft\WindowsApps;C:\Program Files\Microsoft\jdk-17.0.17.10-hotspot\bin;C:\Users\simra\AppData\Local\Android\Sdk;C:\Users\simra\AppData\Local\Android\Sdk\build-tools;C:\Users\simra\AppData\Local\Android\Sdk\platform-tools;C:\Users\simra\AppData\Local\Android\Sdk\platforms;C:\Users\simra\AppData\Local\Android\Sdk\emulator;C:\Users\simra\.pyenv\pyenv-win\bin;C:\Users\simra\.pyenv\pyenv-win\shims;C:\Users\simra\AppData\Local\nvm;C:\nvm4w\nodejs;C:\Users\simra\AppData\Roaming\npm;C:\Users\simra\AppData\Local\Microsoft\WinGet\Packages\ISC.Bind_Microsoft.Winget.Source_8wekyb3d8bbwe;C:\Users\simra\.dotnet\tools;C:\Users\simra\AppData\Local\Programs\mongosh\;C:\Users\simra\AppData\Local\Programs\Microsoft VS Code\bin;C:\Users\simra\AppData\Local\Programs\Antigravity\bi
USERNAME=simra
OS=Windows_NT
PROCESSOR_IDENTIFIER=Intel64 Family 6 Model 60 Stepping 3, GenuineIntel
TMP=C:\Users\simra\AppData\Local\Temp
TEMP=C:\Users\simra\AppData\Local\Temp



---------------  S Y S T E M  ---------------

OS:
 Windows 11 , 64 bit Build 26100 (10.0.26100.7705)
OS uptime: 0 days 6:28 hours
Hyper-V role detected

CPU: total 4 (initial active 4) (2 cores per cpu, 2 threads per core) family 6 model 60 stepping 3 microcode 0x28, cx8, cmov, fxsr, ht, mmx, sse, sse2, sse3, ssse3, sse4.1, sse4.2, popcnt, lzcnt, tsc, tscinvbit, avx, avx2, aes, erms, clmul, bmi1, bmi2, fma, vzeroupper, clflush, hv

Memory: 4k page, system-wide physical 16297M (755M free)
TotalPageFile size 21152M (AvailPageFile size 5M)
current process WorkingSet (physical memory assigned to process): 156M, peak: 159M
current process commit charge ("private bytes"): 246M, peak: 250M

vm_info: OpenJDK 64-Bit Server VM (17.0.4.1+1) for windows-amd64 JRE (17.0.4.1+1), built on Aug 17 2022 07:42:43 by "temurin" with MS VC++ 16.7 (VS2019)

END.
